Archive member included to satisfy reference by file (symbol)

c:/st/stm32cubeide_1.11.2/stm32cubeide/plugins/com.st.stm32cube.ide.mcu.externaltools.gnu-tools-for-stm32.10.3-2021.10.win32_1.0.100.202210260954/tools/bin/../lib/gcc/arm-none-eabi/10.3.1/../../../../arm-none-eabi/lib/thumb/v7e-m+fp/hard\libc_nano.a(lib_a-errno.o)
                              ./Core/Src/syscalls.o (__errno)
c:/st/stm32cubeide_1.11.2/stm32cubeide/plugins/com.st.stm32cube.ide.mcu.externaltools.gnu-tools-for-stm32.10.3-2021.10.win32_1.0.100.202210260954/tools/bin/../lib/gcc/arm-none-eabi/10.3.1/../../../../arm-none-eabi/lib/thumb/v7e-m+fp/hard\libc_nano.a(lib_a-exit.o)
                              c:/st/stm32cubeide_1.11.2/stm32cubeide/plugins/com.st.stm32cube.ide.mcu.externaltools.gnu-tools-for-stm32.10.3-2021.10.win32_1.0.100.202210260954/tools/bin/../lib/gcc/arm-none-eabi/10.3.1/../../../../arm-none-eabi/lib/thumb/v7e-m+fp/hard/crt0.o (exit)
c:/st/stm32cubeide_1.11.2/stm32cubeide/plugins/com.st.stm32cube.ide.mcu.externaltools.gnu-tools-for-stm32.10.3-2021.10.win32_1.0.100.202210260954/tools/bin/../lib/gcc/arm-none-eabi/10.3.1/../../../../arm-none-eabi/lib/thumb/v7e-m+fp/hard\libc_nano.a(lib_a-impure.o)
                              c:/st/stm32cubeide_1.11.2/stm32cubeide/plugins/com.st.stm32cube.ide.mcu.externaltools.gnu-tools-for-stm32.10.3-2021.10.win32_1.0.100.202210260954/tools/bin/../lib/gcc/arm-none-eabi/10.3.1/../../../../arm-none-eabi/lib/thumb/v7e-m+fp/hard\libc_nano.a(lib_a-exit.o) (_global_impure_ptr)
c:/st/stm32cubeide_1.11.2/stm32cubeide/plugins/com.st.stm32cube.ide.mcu.externaltools.gnu-tools-for-stm32.10.3-2021.10.win32_1.0.100.202210260954/tools/bin/../lib/gcc/arm-none-eabi/10.3.1/../../../../arm-none-eabi/lib/thumb/v7e-m+fp/hard\libc_nano.a(lib_a-init.o)
                              c:/st/stm32cubeide_1.11.2/stm32cubeide/plugins/com.st.stm32cube.ide.mcu.externaltools.gnu-tools-for-stm32.10.3-2021.10.win32_1.0.100.202210260954/tools/bin/../lib/gcc/arm-none-eabi/10.3.1/../../../../arm-none-eabi/lib/thumb/v7e-m+fp/hard/crt0.o (__libc_init_array)
c:/st/stm32cubeide_1.11.2/stm32cubeide/plugins/com.st.stm32cube.ide.mcu.externaltools.gnu-tools-for-stm32.10.3-2021.10.win32_1.0.100.202210260954/tools/bin/../lib/gcc/arm-none-eabi/10.3.1/../../../../arm-none-eabi/lib/thumb/v7e-m+fp/hard\libc_nano.a(lib_a-memset.o)
                              c:/st/stm32cubeide_1.11.2/stm32cubeide/plugins/com.st.stm32cube.ide.mcu.externaltools.gnu-tools-for-stm32.10.3-2021.10.win32_1.0.100.202210260954/tools/bin/../lib/gcc/arm-none-eabi/10.3.1/../../../../arm-none-eabi/lib/thumb/v7e-m+fp/hard/crt0.o (memset)
c:/st/stm32cubeide_1.11.2/stm32cubeide/plugins/com.st.stm32cube.ide.mcu.externaltools.gnu-tools-for-stm32.10.3-2021.10.win32_1.0.100.202210260954/tools/bin/../lib/gcc/arm-none-eabi/10.3.1/thumb/v7e-m+fp/hard\libgcc.a(_aeabi_uldivmod.o)
                              ./Drivers/STM32F4xx_HAL_Driver/Src/stm32f4xx_hal_rcc.o (__aeabi_uldivmod)
c:/st/stm32cubeide_1.11.2/stm32cubeide/plugins/com.st.stm32cube.ide.mcu.externaltools.gnu-tools-for-stm32.10.3-2021.10.win32_1.0.100.202210260954/tools/bin/../lib/gcc/arm-none-eabi/10.3.1/thumb/v7e-m+fp/hard\libgcc.a(_udivmoddi4.o)
                              c:/st/stm32cubeide_1.11.2/stm32cubeide/plugins/com.st.stm32cube.ide.mcu.externaltools.gnu-tools-for-stm32.10.3-2021.10.win32_1.0.100.202210260954/tools/bin/../lib/gcc/arm-none-eabi/10.3.1/thumb/v7e-m+fp/hard\libgcc.a(_aeabi_uldivmod.o) (__udivmoddi4)
c:/st/stm32cubeide_1.11.2/stm32cubeide/plugins/com.st.stm32cube.ide.mcu.externaltools.gnu-tools-for-stm32.10.3-2021.10.win32_1.0.100.202210260954/tools/bin/../lib/gcc/arm-none-eabi/10.3.1/thumb/v7e-m+fp/hard\libgcc.a(_dvmd_tls.o)
                              c:/st/stm32cubeide_1.11.2/stm32cubeide/plugins/com.st.stm32cube.ide.mcu.externaltools.gnu-tools-for-stm32.10.3-2021.10.win32_1.0.100.202210260954/tools/bin/../lib/gcc/arm-none-eabi/10.3.1/thumb/v7e-m+fp/hard\libgcc.a(_aeabi_uldivmod.o) (__aeabi_ldiv0)

Discarded input sections

 .text          0x0000000000000000        0x0 c:/st/stm32cubeide_1.11.2/stm32cubeide/plugins/com.st.stm32cube.ide.mcu.externaltools.gnu-tools-for-stm32.10.3-2021.10.win32_1.0.100.202210260954/tools/bin/../lib/gcc/arm-none-eabi/10.3.1/thumb/v7e-m+fp/hard/crti.o
 .data          0x0000000000000000        0x0 c:/st/stm32cubeide_1.11.2/stm32cubeide/plugins/com.st.stm32cube.ide.mcu.externaltools.gnu-tools-for-stm32.10.3-2021.10.win32_1.0.100.202210260954/tools/bin/../lib/gcc/arm-none-eabi/10.3.1/thumb/v7e-m+fp/hard/crti.o
 .bss           0x0000000000000000        0x0 c:/st/stm32cubeide_1.11.2/stm32cubeide/plugins/com.st.stm32cube.ide.mcu.externaltools.gnu-tools-for-stm32.10.3-2021.10.win32_1.0.100.202210260954/tools/bin/../lib/gcc/arm-none-eabi/10.3.1/thumb/v7e-m+fp/hard/crti.o
[...]
Memory Configuration

Name             Origin             Length             Attributes
CCMRAM           0x0000000010000000 0x0000000000010000 xrw
RAM              0x0000000020000000 0x0000000000020000 xrw
FLASH            0x0000000008000000 0x0000000000100000 xr
*default*        0x0000000000000000 0xffffffffffffffff

Linker script and memory map

LOAD c:/st/stm32cubeide_1.11.2/stm32cubeide/plugins/com.st.stm32cube.ide.mcu.externaltools.gnu-tools-for-stm32.10.3-2021.10.win32_1.0.100.202210260954/tools/bin/../lib/gcc/arm-none-eabi/10.3.1/thumb/v7e-m+fp/hard/crti.o
LOAD c:/st/stm32cubeide_1.11.2/stm32cubeide/plugins/com.st.stm32cube.ide.mcu.externaltools.gnu-tools-for-stm32.10.3-2021.10.win32_1.0.100.202210260954/tools/bin/../lib/gcc/arm-none-eabi/10.3.1/thumb/v7e-m+fp/hard/crtbegin.o
LOAD c:/st/stm32cubeide_1.11.2/stm32cubeide/plugins/com.st.stm32cube.ide.mcu.externaltools.gnu-tools-for-stm32.10.3-2021.10.win32_1.0.100.202210260954/tools/bin/../lib/gcc/arm-none-eabi/10.3.1/../../../../arm-none-eabi/lib/thumb/v7e-m+fp/hard/crt0.o
LOAD ./Core/Src/e2v_Clicks.o
LOAD ./Core/Src/main.o
LOAD ./Core/Src/stm32f4xx_hal_msp.o
LOAD ./Core/Src/stm32f4xx_it.o
LOAD ./Core/Src/syscalls.o
LOAD ./Core/Src/sysmem.o
LOAD ./Core/Src/system_stm32f4xx.o
LOAD ./Core/Src/w5500.o
LOAD ./Core/Startup/startup_stm32f407vgtx.o
LOAD ./Drivers/STM32F4xx_HAL_Driver/Src/stm32f4xx_hal.o
LOAD ./Drivers/STM32F4xx_HAL_Driver/Src/stm32f4xx_hal_adc.o
LOAD ./Drivers/STM32F4xx_HAL_Driver/Src/stm32f4xx_hal_adc_ex.o
LOAD ./Drivers/STM32F4xx_HAL_Driver/Src/stm32f4xx_hal_cortex.o
LOAD ./Drivers/STM32F4xx_HAL_Driver/Src/stm32f4xx_hal_dma.o
LOAD ./Drivers/STM32F4xx_HAL_Driver/Src/stm32f4xx_hal_dma_ex.o
LOAD ./Drivers/STM32F4xx_HAL_Driver/Src/stm32f4xx_hal_exti.o
LOAD ./Drivers/STM32F4xx_HAL_Driver/Src/stm32f4xx_hal_flash.o
LOAD ./Drivers/STM32F4xx_HAL_Driver/Src/stm32f4xx_hal_flash_ex.o
LOAD ./Drivers/STM32F4xx_HAL_Driver/Src/stm32f4xx_hal_flash_ramfunc.o
LOAD ./Drivers/STM32F4xx_HAL_Driver/Src/stm32f4xx_hal_gpio.o
LOAD ./Drivers/STM32F4xx_HAL_Driver/Src/stm32f4xx_hal_pwr.o
LOAD ./Drivers/STM32F4xx_HAL_Driver/Src/stm32f4xx_hal_pwr_ex.o
LOAD ./Drivers/STM32F4xx_HAL_Driver/Src/stm32f4xx_hal_rcc.o
LOAD ./Drivers/STM32F4xx_HAL_Driver/Src/stm32f4xx_hal_rcc_ex.o
LOAD ./Drivers/STM32F4xx_HAL_Driver/Src/stm32f4xx_hal_spi.o
LOAD ./Drivers/STM32F4xx_HAL_Driver/Src/stm32f4xx_hal_tim.o
LOAD ./Drivers/STM32F4xx_HAL_Driver/Src/stm32f4xx_hal_tim_ex.o
LOAD ./Drivers/STM32F4xx_HAL_Driver/Src/stm32f4xx_ll_adc.o
START GROUP
LOAD c:/st/stm32cubeide_1.11.2/stm32cubeide/plugins/com.st.stm32cube.ide.mcu.externaltools.gnu-tools-for-stm32.10.3-2021.10.win32_1.0.100.202210260954/tools/bin/../lib/gcc/arm-none-eabi/10.3.1/../../../../arm-none-eabi/lib/thumb/v7e-m+fp/hard\libc_nano.a
LOAD c:/st/stm32cubeide_1.11.2/stm32cubeide/plugins/com.st.stm32cube.ide.mcu.externaltools.gnu-tools-for-stm32.10.3-2021.10.win32_1.0.100.202210260954/tools/bin/../lib/gcc/arm-none-eabi/10.3.1/../../../../arm-none-eabi/lib/thumb/v7e-m+fp/hard\libm.a
END GROUP
START GROUP
LOAD c:/st/stm32cubeide_1.11.2/stm32cubeide/plugins/com.st.stm32cube.ide.mcu.externaltools.gnu-tools-for-stm32.10.3-2021.10.win32_1.0.100.202210260954/tools/bin/../lib/gcc/arm-none-eabi/10.3.1/thumb/v7e-m+fp/hard\libgcc.a
LOAD c:/st/stm32cubeide_1.11.2/stm32cubeide/plugins/com.st.stm32cube.ide.mcu.externaltools.gnu-tools-for-stm32.10.3-2021.10.win32_1.0.100.202210260954/tools/bin/../lib/gcc/arm-none-eabi/10.3.1/../../../../arm-none-eabi/lib/thumb/v7e-m+fp/hard\libc_nano.a
END GROUP
START GROUP
LOAD c:/st/stm32cubeide_1.11.2/stm32cubeide/plugins/com.st.stm32cube.ide.mcu.externaltools.gnu-tools-for-stm32.10.3-2021.10.win32_1.0.100.202210260954/tools/bin/../lib/gcc/arm-none-eabi/10.3.1/thumb/v7e-m+fp/hard\libgcc.a
LOAD c:/st/stm32cubeide_1.11.2/stm32cubeide/plugins/com.st.stm32cube.ide.mcu.externaltools.gnu-tools-for-stm32.10.3-2021.10.win32_1.0.100.202210260954/tools/bin/../lib/gcc/arm-none-eabi/10.3.1/../../../../arm-none-eabi/lib/thumb/v7e-m+fp/hard\libc_nano.a
LOAD c:/st/stm32cubeide_1.11.2/stm32cubeide/plugins/com.st.stm32cube.ide.mcu.externaltools.gnu-tools-for-stm32.10.3-2021.10.win32_1.0.100.202210260954/tools/bin/../lib/gcc/arm-none-eabi/10.3.1/../../../../arm-none-eabi/lib/thumb/v7e-m+fp/hard\libnosys.a
END GROUP
START GROUP
LOAD c:/st/stm32cubeide_1.11.2/stm32cubeide/plugins/com.st.stm32cube.ide.mcu.externaltools.gnu-tools-for-stm32.10.3-2021.10.win32_1.0.100.202210260954/tools/bin/../lib/gcc/arm-none-eabi/10.3.1/thumb/v7e-m+fp/hard\libgcc.a
LOAD c:/st/stm32cubeide_1.11.2/stm32cubeide/plugins/com.st.stm32cube.ide.mcu.externaltools.gnu-tools-for-stm32.10.3-2021.10.win32_1.0.100.202210260954/tools/bin/../lib/gcc/arm-none-eabi/10.3.1/../../../../arm-none-eabi/lib/thumb/v7e-m+fp/hard\libc_nano.a
LOAD c:/st/stm32cubeide_1.11.2/stm32cubeide/plugins/com.st.stm32cube.ide.mcu.externaltools.gnu-tools-for-stm32.10.3-2021.10.win32_1.0.100.202210260954/tools/bin/../lib/gcc/arm-none-eabi/10.3.1/../../../../arm-none-eabi/lib/thumb/v7e-m+fp/hard\libnosys.a
END GROUP
LOAD c:/st/stm32cubeide_1.11.2/stm32cubeide/plugins/com.st.stm32cube.ide.mcu.externaltools.gnu-tools-for-stm32.10.3-2021.10.win32_1.0.100.202210260954/tools/bin/../lib/gcc/arm-none-eabi/10.3.1/thumb/v7e-m+fp/hard/crtend.o
LOAD c:/st/stm32cubeide_1.11.2/stm32cubeide/plugins/com.st.stm32cube.ide.mcu.externaltools.gnu-tools-for-stm32.10.3-2021.10.win32_1.0.100.202210260954/tools/bin/../lib/gcc/arm-none-eabi/10.3.1/thumb/v7e-m+fp/hard/crtn.o
                0x0000000020020000                _estack = (ORIGIN (RAM) + LENGTH (RAM))
                0x0000000000000200                _Min_Heap_Size = 0x200
                0x0000000000000400                _Min_Stack_Size = 0x400

.isr_vector     0x0000000008000000      0x188
                0x0000000008000000                . = ALIGN (0x4)
 *(.isr_vector)
 .isr_vector    0x0000000008000000      0x188 ./Core/Startup/startup_stm32f407vgtx.o
                0x0000000008000000                g_pfnVectors
                0x0000000008000188                . = ALIGN (0x4)

.text           0x0000000008000188     0x430c
                0x0000000008000188                . = ALIGN (0x4)
 *(.text)
 .text          0x0000000008000188       0x40 c:/st/stm32cubeide_1.11.2/stm32cubeide/plugins/com.st.stm32cube.ide.mcu.externaltools.gnu-tools-for-stm32.10.3-2021.10.win32_1.0.100.202210260954/tools/bin/../lib/gcc/arm-none-eabi/10.3.1/thumb/v7e-m+fp/hard/crtbegin.o
 .text          0x00000000080001c8       0x30 c:/st/stm32cubeide_1.11.2/stm32cubeide/plugins/com.st.stm32cube.ide.mcu.externaltools.gnu-tools-for-stm32.10.3-2021.10.win32_1.0.100.202210260954/tools/bin/../lib/gcc/arm-none-eabi/10.3.1/thumb/v7e-m+fp/hard\libgcc.a(_aeabi_uldivmod.o)
                0x00000000080001c8                __aeabi_uldivmod
 .text          0x00000000080001f8      0x2d0 c:/st/stm32cubeide_1.11.2/stm32cubeide/plugins/com.st.stm32cube.ide.mcu.externaltools.gnu-tools-for-stm32.10.3-2021.10.win32_1.0.100.202210260954/tools/bin/../lib/gcc/arm-none-eabi/10.3.1/thumb/v7e-m+fp/hard\libgcc.a(_udivmoddi4.o)
                0x00000000080001f8                __udivmoddi4
 .text          0x00000000080004c8        0x4 c:/st/stm32cubeide_1.11.2/stm32cubeide/plugins/com.st.stm32cube.ide.mcu.externaltools.gnu-tools-for-stm32.10.3-2021.10.win32_1.0.100.202210260954/tools/bin/../lib/gcc/arm-none-eabi/10.3.1/thumb/v7e-m+fp/hard\libgcc.a(_dvmd_tls.o)
                0x00000000080004c8                __aeabi_idiv0
                0x00000000080004c8                __aeabi_ldiv0
 *(.text*)
 .text.E2V_CLICKS_Ini
                0x00000000080004cc       0xb8 ./Core/Src/e2v_Clicks.o
                0x00000000080004cc                E2V_CLICKS_Ini
 .text.E2V_CLICKS_Base_Aqu_Output
                0x0000000008000584      0xca4 ./Core/Src/e2v_Clicks.o
                0x0000000008000584                E2V_CLICKS_Base_Aqu_Output
 .text.main     0x0000000008001228       0xd0 ./Core/Src/main.o
                0x0000000008001228                main
 .text.SystemClock_Config
                0x00000000080012f8       0xd4 ./Core/Src/main.o
                0x00000000080012f8                SystemClock_Config
 .text.MX_ADC1_Init
                0x00000000080013cc       0xa4 ./Core/Src/main.o
 .text.MX_SPI1_Init
                0x0000000008001470       0x6c ./Core/Src/main.o
 .text.MX_DMA_Init
                0x00000000080014dc       0x34 ./Core/Src/main.o
 .text.MX_GPIO_Init
                0x0000000008001510      0x1cc ./Core/Src/main.o
 .text.Error_Handler
                0x00000000080016dc        0xa ./Core/Src/main.o
                0x00000000080016dc                Error_Handler
 *fill*         0x00000000080016e6        0x2 
 .text.HAL_MspInit
                0x00000000080016e8       0x50 ./Core/Src/stm32f4xx_hal_msp.o
                0x00000000080016e8                HAL_MspInit
 .text.HAL_ADC_MspInit
                0x0000000008001738       0x88 ./Core/Src/stm32f4xx_hal_msp.o
                0x0000000008001738                HAL_ADC_MspInit
 .text.HAL_SPI_MspInit
                0x00000000080017c0       0xf4 ./Core/Src/stm32f4xx_hal_msp.o
                0x00000000080017c0                HAL_SPI_MspInit
 .text.NMI_Handler
                0x00000000080018b4        0x6 ./Core/Src/stm32f4xx_it.o
                0x00000000080018b4                NMI_Handler
 .text.HardFault_Handler
                0x00000000080018ba        0x6 ./Core/Src/stm32f4xx_it.o
                0x00000000080018ba                HardFault_Handler
 .text.MemManage_Handler
                0x00000000080018c0        0x6 ./Core/Src/stm32f4xx_it.o
                0x00000000080018c0                MemManage_Handler
 .text.BusFault_Handler
                0x00000000080018c6        0x6 ./Core/Src/stm32f4xx_it.o
                0x00000000080018c6                BusFault_Handler
 .text.UsageFault_Handler
                0x00000000080018cc        0x6 ./Core/Src/stm32f4xx_it.o
                0x00000000080018cc                UsageFault_Handler
 .text.SVC_Handler
                0x00000000080018d2        0xe ./Core/Src/stm32f4xx_it.o
                0x00000000080018d2                SVC_Handler
 .text.DebugMon_Handler
                0x00000000080018e0        0xe ./Core/Src/stm32f4xx_it.o
                0x00000000080018e0                DebugMon_Handler
 .text.PendSV_Handler
                0x00000000080018ee        0xe ./Core/Src/stm32f4xx_it.o
                0x00000000080018ee                PendSV_Handler
 .text.SysTick_Handler
                0x00000000080018fc        0xc ./Core/Src/stm32f4xx_it.o
                0x00000000080018fc                SysTick_Handler
 .text.EXTI3_IRQHandler
                0x0000000008001908       0x18 ./Core/Src/stm32f4xx_it.o
                0x0000000008001908                EXTI3_IRQHandler
 .text.SystemInit
                0x0000000008001920       0x24 ./Core/Src/system_stm32f4xx.o
                0x0000000008001920                SystemInit
 .text.w5500_ini
                0x0000000008001944      0x270 ./Core/Src/w5500.o
                0x0000000008001944                w5500_ini
 .text.w5500_startUDP
                0x0000000008001bb4       0xdc ./Core/Src/w5500.o
                0x0000000008001bb4                w5500_startUDP
 .text.TCP_Recieve
                0x0000000008001c90      0x3fc ./Core/Src/w5500.o
                0x0000000008001c90                TCP_Recieve
 .text.w5500_startTCP
                0x000000000800208c       0xec ./Core/Src/w5500.o
                0x000000000800208c                w5500_startTCP
 .text.w5500_write_Tx_Buff
                0x0000000008002178       0xc0 ./Core/Src/w5500.o
                0x0000000008002178                w5500_write_Tx_Buff
 .text.w5500_write_Buff
                0x0000000008002238       0x74 ./Core/Src/w5500.o
                0x0000000008002238                w5500_write_Buff
 .text.w5500_read_Buff
                0x00000000080022ac       0x74 ./Core/Src/w5500.o
                0x00000000080022ac                w5500_read_Buff
 .text.w5500_writeReg
                0x0000000008002320       0x64 ./Core/Src/w5500.o
                0x0000000008002320                w5500_writeReg
 .text.w5500_readReg
                0x0000000008002384       0x68 ./Core/Src/w5500.o
                0x0000000008002384                w5500_readReg
 .text.Reset_Handler
                0x00000000080023ec       0x50 ./Core/Startup/startup_stm32f407vgtx.o
                0x00000000080023ec                Reset_Handler
 .text.Default_Handler
                0x000000000800243c        0x2 ./Core/Startup/startup_stm32f407vgtx.o
                0x000000000800243c                RTC_Alarm_IRQHandler
                0x000000000800243c                HASH_RNG_IRQHandler
                0x000000000800243c                EXTI2_IRQHandler
                0x000000000800243c                TIM8_CC_IRQHandler
                0x000000000800243c                TIM1_CC_IRQHandler
                0x000000000800243c                DMA2_Stream5_IRQHandler
                0x000000000800243c                DMA1_Stream5_IRQHandler
                0x000000000800243c                PVD_IRQHandler
                0x000000000800243c                SDIO_IRQHandler
                0x000000000800243c                TAMP_STAMP_IRQHandler
                0x000000000800243c                CAN2_RX1_IRQHandler
                0x000000000800243c                TIM8_TRG_COM_TIM14_IRQHandler
                0x000000000800243c                TIM1_UP_TIM10_IRQHandler
                0x000000000800243c                TIM8_UP_TIM13_IRQHandler
                0x000000000800243c                I2C3_ER_IRQHandler
                0x000000000800243c                EXTI0_IRQHandler
                0x000000000800243c                I2C2_EV_IRQHandler
                0x000000000800243c                DMA1_Stream2_IRQHandler
                0x000000000800243c                CAN1_RX0_IRQHandler
                0x000000000800243c                FPU_IRQHandler
                0x000000000800243c                OTG_HS_WKUP_IRQHandler
                0x000000000800243c                CAN2_SCE_IRQHandler
                0x000000000800243c                DMA2_Stream2_IRQHandler
                0x000000000800243c                SPI1_IRQHandler
                0x000000000800243c                TIM6_DAC_IRQHandler
                0x000000000800243c                TIM1_BRK_TIM9_IRQHandler
                0x000000000800243c                DCMI_IRQHandler
                0x000000000800243c                CAN2_RX0_IRQHandler
                0x000000000800243c                DMA2_Stream3_IRQHandler
                0x000000000800243c                USART6_IRQHandler
                0x000000000800243c                USART3_IRQHandler
                0x000000000800243c                CAN1_RX1_IRQHandler
                0x000000000800243c                UART5_IRQHandler
                0x000000000800243c                DMA2_Stream0_IRQHandler
                0x000000000800243c                TIM4_IRQHandler
                0x000000000800243c                I2C1_EV_IRQHandler
                0x000000000800243c                DMA1_Stream6_IRQHandler
                0x000000000800243c                DMA1_Stream1_IRQHandler
                0x000000000800243c                UART4_IRQHandler
                0x000000000800243c                TIM3_IRQHandler
                0x000000000800243c                RCC_IRQHandler
                0x000000000800243c                TIM8_BRK_TIM12_IRQHandler
                0x000000000800243c                Default_Handler
                0x000000000800243c                EXTI15_10_IRQHandler
                0x000000000800243c                ADC_IRQHandler
                0x000000000800243c                DMA1_Stream7_IRQHandler
                0x000000000800243c                TIM7_IRQHandler
                0x000000000800243c                CAN2_TX_IRQHandler
                0x000000000800243c                TIM5_IRQHandler
                0x000000000800243c                DMA2_Stream7_IRQHandler
                0x000000000800243c                I2C3_EV_IRQHandler
                0x000000000800243c                EXTI9_5_IRQHandler
                0x000000000800243c                RTC_WKUP_IRQHandler
                0x000000000800243c                ETH_WKUP_IRQHandler
                0x000000000800243c                SPI2_IRQHandler
                0x000000000800243c                OTG_HS_EP1_IN_IRQHandler
                0x000000000800243c                DMA1_Stream0_IRQHandler
                0x000000000800243c                CAN1_TX_IRQHandler
                0x000000000800243c                EXTI4_IRQHandler
                0x000000000800243c                FSMC_IRQHandler
                0x000000000800243c                ETH_IRQHandler
                0x000000000800243c                OTG_HS_EP1_OUT_IRQHandler
                0x000000000800243c                WWDG_IRQHandler
                0x000000000800243c                TIM2_IRQHandler
                0x000000000800243c                OTG_FS_WKUP_IRQHandler
                0x000000000800243c                TIM1_TRG_COM_TIM11_IRQHandler
                0x000000000800243c                OTG_HS_IRQHandler
                0x000000000800243c                EXTI1_IRQHandler
                0x000000000800243c                USART2_IRQHandler
                0x000000000800243c                I2C2_ER_IRQHandler
                0x000000000800243c                DMA2_Stream1_IRQHandler
                0x000000000800243c                CAN1_SCE_IRQHandler
                0x000000000800243c                FLASH_IRQHandler
                0x000000000800243c                DMA2_Stream4_IRQHandler
                0x000000000800243c                USART1_IRQHandler
                0x000000000800243c                OTG_FS_IRQHandler
                0x000000000800243c                SPI3_IRQHandler
                0x000000000800243c                DMA1_Stream4_IRQHandler
                0x000000000800243c                I2C1_ER_IRQHandler
                0x000000000800243c                DMA2_Stream6_IRQHandler
                0x000000000800243c                DMA1_Stream3_IRQHandler
 *fill*         0x000000000800243e        0x2 
 .text.HAL_Init
                0x0000000008002440       0x44 ./Drivers/STM32F4xx_HAL_Driver/Src/stm32f4xx_hal.o
                0x0000000008002440                HAL_Init
 .text.HAL_InitTick
                0x0000000008002484       0x60 ./Drivers/STM32F4xx_HAL_Driver/Src/stm32f4xx_hal.o
                0x0000000008002484                HAL_InitTick
 .text.HAL_IncTick
                0x00000000080024e4       0x28 ./Drivers/STM32F4xx_HAL_Driver/Src/stm32f4xx_hal.o
                0x00000000080024e4                HAL_IncTick
 .text.HAL_GetTick
                0x000000000800250c       0x18 ./Drivers/STM32F4xx_HAL_Driver/Src/stm32f4xx_hal.o
                0x000000000800250c                HAL_GetTick
 .text.HAL_Delay
                0x0000000008002524       0x48 ./Drivers/STM32F4xx_HAL_Driver/Src/stm32f4xx_hal.o
                0x0000000008002524                HAL_Delay
 .text.HAL_ADC_Init
                0x000000000800256c       0x86 ./Drivers/STM32F4xx_HAL_Driver/Src/stm32f4xx_hal_adc.o
                0x000000000800256c                HAL_ADC_Init
 *fill*         0x00000000080025f2        0x2 
 .text.HAL_ADC_ConfigChannel
                0x00000000080025f4      0x244 ./Drivers/STM32F4xx_HAL_Driver/Src/stm32f4xx_hal_adc.o
                0x00000000080025f4                HAL_ADC_ConfigChannel
 .text.ADC_Init
                0x0000000008002838      0x1f8 ./Drivers/STM32F4xx_HAL_Driver/Src/stm32f4xx_hal_adc.o
 .text.__NVIC_SetPriorityGrouping
                0x0000000008002a30       0x48 ./Drivers/STM32F4xx_HAL_Driver/Src/stm32f4xx_hal_cortex.o
 .text.__NVIC_GetPriorityGrouping
                0x0000000008002a78       0x1c ./Drivers/STM32F4xx_HAL_Driver/Src/stm32f4xx_hal_cortex.o
 .text.__NVIC_EnableIRQ
                0x0000000008002a94       0x3c ./Drivers/STM32F4xx_HAL_Driver/Src/stm32f4xx_hal_cortex.o
 .text.__NVIC_SetPriority
                0x0000000008002ad0       0x54 ./Drivers/STM32F4xx_HAL_Driver/Src/stm32f4xx_hal_cortex.o
 .text.NVIC_EncodePriority
                0x0000000008002b24       0x66 ./Drivers/STM32F4xx_HAL_Driver/Src/stm32f4xx_hal_cortex.o
 *fill*         0x0000000008002b8a        0x2 
 .text.SysTick_Config
                0x0000000008002b8c       0x44 ./Drivers/STM32F4xx_HAL_Driver/Src/stm32f4xx_hal_cortex.o
 .text.HAL_NVIC_SetPriorityGrouping
                0x0000000008002bd0       0x16 ./Drivers/STM32F4xx_HAL_Driver/Src/stm32f4xx_hal_cortex.o
                0x0000000008002bd0                HAL_NVIC_SetPriorityGrouping
 .text.HAL_NVIC_SetPriority
                0x0000000008002be6       0x38 ./Drivers/STM32F4xx_HAL_Driver/Src/stm32f4xx_hal_cortex.o
                0x0000000008002be6                HAL_NVIC_SetPriority
 .text.HAL_NVIC_EnableIRQ
                0x0000000008002c1e       0x1c ./Drivers/STM32F4xx_HAL_Driver/Src/stm32f4xx_hal_cortex.o
                0x0000000008002c1e                HAL_NVIC_EnableIRQ
 .text.HAL_SYSTICK_Config
                0x0000000008002c3a       0x18 ./Drivers/STM32F4xx_HAL_Driver/Src/stm32f4xx_hal_cortex.o
                0x0000000008002c3a                HAL_SYSTICK_Config
 *fill*         0x0000000008002c52        0x2 
 .text.HAL_DMA_Init
                0x0000000008002c54      0x15c ./Drivers/STM32F4xx_HAL_Driver/Src/stm32f4xx_hal_dma.o
                0x0000000008002c54                HAL_DMA_Init
 .text.DMA_CalcBaseAndBitshift
                0x0000000008002db0       0x6c ./Drivers/STM32F4xx_HAL_Driver/Src/stm32f4xx_hal_dma.o
 .text.DMA_CheckFifoParam
                0x0000000008002e1c       0xf8 ./Drivers/STM32F4xx_HAL_Driver/Src/stm32f4xx_hal_dma.o
 .text.HAL_GPIO_Init
                0x0000000008002f14      0x338 ./Drivers/STM32F4xx_HAL_Driver/Src/stm32f4xx_hal_gpio.o
                0x0000000008002f14                HAL_GPIO_Init
 .text.HAL_GPIO_ReadPin
                0x000000000800324c       0x30 ./Drivers/STM32F4xx_HAL_Driver/Src/stm32f4xx_hal_gpio.o
                0x000000000800324c                HAL_GPIO_ReadPin
 .text.HAL_GPIO_WritePin
                0x000000000800327c       0x32 ./Drivers/STM32F4xx_HAL_Driver/Src/stm32f4xx_hal_gpio.o
                0x000000000800327c                HAL_GPIO_WritePin
 *fill*         0x00000000080032ae        0x2 
 .text.HAL_GPIO_EXTI_IRQHandler
                0x00000000080032b0       0x30 ./Drivers/STM32F4xx_HAL_Driver/Src/stm32f4xx_hal_gpio.o
                0x00000000080032b0                HAL_GPIO_EXTI_IRQHandler
 .text.HAL_GPIO_EXTI_Callback
                0x00000000080032e0       0x16 ./Drivers/STM32F4xx_HAL_Driver/Src/stm32f4xx_hal_gpio.o
                0x00000000080032e0                HAL_GPIO_EXTI_Callback
 *fill*         0x00000000080032f6        0x2 
 .text.HAL_RCC_OscConfig
                0x00000000080032f8      0x4f0 ./Drivers/STM32F4xx_HAL_Driver/Src/stm32f4xx_hal_rcc.o
                0x00000000080032f8                HAL_RCC_OscConfig
 .text.HAL_RCC_ClockConfig
                0x00000000080037e8      0x1cc ./Drivers/STM32F4xx_HAL_Driver/Src/stm32f4xx_hal_rcc.o
                0x00000000080037e8                HAL_RCC_ClockConfig
 .text.HAL_RCC_GetSysClockFreq
                0x00000000080039b4      0x20c ./Drivers/STM32F4xx_HAL_Driver/Src/stm32f4xx_hal_rcc.o
                0x00000000080039b4                HAL_RCC_GetSysClockFreq
 .text.HAL_SPI_Init
                0x0000000008003bc0      0x112 ./Drivers/STM32F4xx_HAL_Driver/Src/stm32f4xx_hal_spi.o
                0x0000000008003bc0                HAL_SPI_Init
 .text.HAL_SPI_Transmit
                0x0000000008003cd2      0x278 ./Drivers/STM32F4xx_HAL_Driver/Src/stm32f4xx_hal_spi.o
                0x0000000008003cd2                HAL_SPI_Transmit
 .text.HAL_SPI_TransmitReceive
                0x0000000008003f4a      0x344 ./Drivers/STM32F4xx_HAL_Driver/Src/stm32f4xx_hal_spi.o
                0x0000000008003f4a                HAL_SPI_TransmitReceive
 *fill*         0x000000000800428e        0x2 
 .text.SPI_WaitFlagStateUntilTimeout
                0x0000000008004290      0x110 ./Drivers/STM32F4xx_HAL_Driver/Src/stm32f4xx_hal_spi.o
 .text.SPI_EndRxTxTransaction
                0x00000000080043a0       0x84 ./Drivers/STM32F4xx_HAL_Driver/Src/stm32f4xx_hal_spi.o
 .text.__libc_init_array
                0x0000000008004424       0x48 c:/st/stm32cubeide_1.11.2/stm32cubeide/plugins/com.st.stm32cube.ide.mcu.externaltools.gnu-tools-for-stm32.10.3-2021.10.win32_1.0.100.202210260954/tools/bin/../lib/gcc/arm-none-eabi/10.3.1/../../../../arm-none-eabi/lib/thumb/v7e-m+fp/hard\libc_nano.a(lib_a-init.o)
                0x0000000008004424                __libc_init_array
 .text.memset   0x000000000800446c       0x10 c:/st/stm32cubeide_1.11.2/stm32cubeide/plugins/com.st.stm32cube.ide.mcu.externaltools.gnu-tools-for-stm32.10.3-2021.10.win32_1.0.100.202210260954/tools/bin/../lib/gcc/arm-none-eabi/10.3.1/../../../../arm-none-eabi/lib/thumb/v7e-m+fp/hard\libc_nano.a(lib_a-memset.o)
                0x000000000800446c                memset
 *(.glue_7)
 .glue_7        0x000000000800447c        0x0 linker stubs
 *(.glue_7t)
 .glue_7t       0x000000000800447c        0x0 linker stubs
 *(.eh_frame)
 .eh_frame      0x000000000800447c        0x0 c:/st/stm32cubeide_1.11.2/stm32cubeide/plugins/com.st.stm32cube.ide.mcu.externaltools.gnu-tools-for-stm32.10.3-2021.10.win32_1.0.100.202210260954/tools/bin/../lib/gcc/arm-none-eabi/10.3.1/thumb/v7e-m+fp/hard/crtbegin.o
 *(.init)
 .init          0x000000000800447c        0x4 c:/st/stm32cubeide_1.11.2/stm32cubeide/plugins/com.st.stm32cube.ide.mcu.externaltools.gnu-tools-for-stm32.10.3-2021.10.win32_1.0.100.202210260954/tools/bin/../lib/gcc/arm-none-eabi/10.3.1/thumb/v7e-m+fp/hard/crti.o
                0x000000000800447c                _init
 .init          0x0000000008004480        0x8 c:/st/stm32cubeide_1.11.2/stm32cubeide/plugins/com.st.stm32cube.ide.mcu.externaltools.gnu-tools-for-stm32.10.3-2021.10.win32_1.0.100.202210260954/tools/bin/../lib/gcc/arm-none-eabi/10.3.1/thumb/v7e-m+fp/hard/crtn.o
 *(.fini)
 .fini          0x0000000008004488        0x4 c:/st/stm32cubeide_1.11.2/stm32cubeide/plugins/com.st.stm32cube.ide.mcu.externaltools.gnu-tools-for-stm32.10.3-2021.10.win32_1.0.100.202210260954/tools/bin/../lib/gcc/arm-none-eabi/10.3.1/thumb/v7e-m+fp/hard/crti.o
                0x0000000008004488                _fini
 .fini          0x000000000800448c        0x8 c:/st/stm32cubeide_1.11.2/stm32cubeide/plugins/com.st.stm32cube.ide.mcu.externaltools.gnu-tools-for-stm32.10.3-2021.10.win32_1.0.100.202210260954/tools/bin/../lib/gcc/arm-none-eabi/10.3.1/thumb/v7e-m+fp/hard/crtn.o
                0x0000000008004494                . = ALIGN (0x4)
                0x0000000008004494                _etext = .

.vfp11_veneer   0x0000000008004494        0x0
 .vfp11_veneer  0x0000000008004494        0x0 linker stubs

.v4_bx          0x0000000008004494        0x0
 .v4_bx         0x0000000008004494        0x0 linker stubs

.iplt           0x0000000008004494        0x0
 .iplt          0x0000000008004494        0x0 c:/st/stm32cubeide_1.11.2/stm32cubeide/plugins/com.st.stm32cube.ide.mcu.externaltools.gnu-tools-for-stm32.10.3-2021.10.win32_1.0.100.202210260954/tools/bin/../lib/gcc/arm-none-eabi/10.3.1/thumb/v7e-m+fp/hard/crtbegin.o

.rodata         0x0000000008004494       0x1c
                0x0000000008004494                . = ALIGN (0x4)
 *(.rodata)
 .rodata        0x0000000008004494        0x3 ./Core/Src/e2v_Clicks.o
 *(.rodata*)
 *fill*         0x0000000008004497        0x1 
 .rodata.AHBPrescTable
                0x0000000008004498       0x10 ./Core/Src/system_stm32f4xx.o
                0x0000000008004498                AHBPrescTable
 .rodata.flagBitshiftOffset.0
                0x00000000080044a8        0x8 ./Drivers/STM32F4xx_HAL_Driver/Src/stm32f4xx_hal_dma.o
                0x00000000080044b0                . = ALIGN (0x4)

.ARM.extab      0x00000000080044b0        0x0
                0x00000000080044b0                . = ALIGN (0x4)
 *(.ARM.extab* .gnu.linkonce.armextab.*)
                0x00000000080044b0                . = ALIGN (0x4)

.ARM            0x00000000080044b0        0x8
                0x00000000080044b0                . = ALIGN (0x4)
                0x00000000080044b0                __exidx_start = .
 *(.ARM.exidx*)
 .ARM.exidx     0x00000000080044b0        0x8 c:/st/stm32cubeide_1.11.2/stm32cubeide/plugins/com.st.stm32cube.ide.mcu.externaltools.gnu-tools-for-stm32.10.3-2021.10.win32_1.0.100.202210260954/tools/bin/../lib/gcc/arm-none-eabi/10.3.1/thumb/v7e-m+fp/hard\libgcc.a(_udivmoddi4.o)
                0x00000000080044b8                __exidx_end = .
                0x00000000080044b8                . = ALIGN (0x4)

.rel.dyn        0x00000000080044b8        0x0
 .rel.iplt      0x00000000080044b8        0x0 c:/st/stm32cubeide_1.11.2/stm32cubeide/plugins/com.st.stm32cube.ide.mcu.externaltools.gnu-tools-for-stm32.10.3-2021.10.win32_1.0.100.202210260954/tools/bin/../lib/gcc/arm-none-eabi/10.3.1/thumb/v7e-m+fp/hard/crtbegin.o

.preinit_array  0x00000000080044b8        0x0
                0x00000000080044b8                . = ALIGN (0x4)
                0x00000000080044b8                PROVIDE (__preinit_array_start = .)
 *(.preinit_array*)
                0x00000000080044b8                PROVIDE (__preinit_array_end = .)
                0x00000000080044b8                . = ALIGN (0x4)

.init_array     0x00000000080044b8        0x4
                0x00000000080044b8                . = ALIGN (0x4)
                0x00000000080044b8                PROVIDE (__init_array_start = .)
 *(SORT_BY_NAME(.init_array.*))
 *(.init_array*)
 .init_array    0x00000000080044b8        0x4 c:/st/stm32cubeide_1.11.2/stm32cubeide/plugins/com.st.stm32cube.ide.mcu.externaltools.gnu-tools-for-stm32.10.3-2021.10.win32_1.0.100.202210260954/tools/bin/../lib/gcc/arm-none-eabi/10.3.1/thumb/v7e-m+fp/hard/crtbegin.o
                0x00000000080044bc                PROVIDE (__init_array_end = .)
                0x00000000080044bc                . = ALIGN (0x4)

.fini_array     0x00000000080044bc        0x4
                0x00000000080044bc                . = ALIGN (0x4)
                [!provide]                        PROVIDE (__fini_array_start = .)
 *(SORT_BY_NAME(.fini_array.*))
 *(.fini_array*)
 .fini_array    0x00000000080044bc        0x4 c:/st/stm32cubeide_1.11.2/stm32cubeide/plugins/com.st.stm32cube.ide.mcu.externaltools.gnu-tools-for-stm32.10.3-2021.10.win32_1.0.100.202210260954/tools/bin/../lib/gcc/arm-none-eabi/10.3.1/thumb/v7e-m+fp/hard/crtbegin.o
                [!provide]                        PROVIDE (__fini_array_end = .)
                0x00000000080044c0                . = ALIGN (0x4)
                0x00000000080044c0                _sidata = LOADADDR (.data)

.data           0x0000000020000000       0x5c load address 0x00000000080044c0
                0x0000000020000000                . = ALIGN (0x4)
                0x0000000020000000                _sdata = .
 *(.data)
 *(.data*)
 .data.buff_size
                0x0000000020000000        0x2 ./Core/Src/e2v_Clicks.o
                0x0000000020000000                buff_size
 *fill*         0x0000000020000002        0x2 
 .data.spi1_cr2
                0x0000000020000004        0x4 ./Core/Src/e2v_Clicks.o
                0x0000000020000004                spi1_cr2
 .data.dma2_lifcr
                0x0000000020000008        0x4 ./Core/Src/e2v_Clicks.o
                0x0000000020000008                dma2_lifcr
 .data.dma2_stream3_ndtr
                0x000000002000000c        0x4 ./Core/Src/e2v_Clicks.o
                0x000000002000000c                dma2_stream3_ndtr
 .data.dma2_stream3_cr
                0x0000000020000010        0x4 ./Core/Src/e2v_Clicks.o
                0x0000000020000010                dma2_stream3_cr
 .data.ipaddr   0x0000000020000014        0x4 ./Core/Src/main.o
                0x0000000020000014                ipaddr
 .data.ipgate   0x0000000020000018        0x4 ./Core/Src/main.o
                0x0000000020000018                ipgate
 .data.ipmask   0x000000002000001c        0x4 ./Core/Src/main.o
                0x000000002000001c                ipmask
 .data.local_port
                0x0000000020000020        0x2 ./Core/Src/main.o
                0x0000000020000020                local_port
 .data.tcp_port
                0x0000000020000022        0x2 ./Core/Src/main.o
                0x0000000020000022                tcp_port
 .data.ipaddr_dest
                0x0000000020000024        0x4 ./Core/Src/main.o
                0x0000000020000024                ipaddr_dest
 .data.rx_Buff_Size
                0x0000000020000028        0x8 ./Core/Src/main.o
                0x0000000020000028                rx_Buff_Size
 .data.tx_Buff_Size
                0x0000000020000030        0x8 ./Core/Src/main.o
                0x0000000020000030                tx_Buff_Size
 .data.CCD_Name
                0x0000000020000038        0xd ./Core/Src/main.o
                0x0000000020000038                CCD_Name
 .data.tcp_Socket
                0x0000000020000045        0x1 ./Core/Src/main.o
                0x0000000020000045                tcp_Socket
 *fill*         0x0000000020000046        0x2 
 .data.SystemCoreClock
                0x0000000020000048        0x4 ./Core/Src/system_stm32f4xx.o
                0x0000000020000048                SystemCoreClock
 .data.macaddr  0x000000002000004c        0x6 ./Core/Src/w5500.o
                0x000000002000004c                macaddr
 *fill*         0x0000000020000052        0x2 
 .data.uwTickPrio
                0x0000000020000054        0x4 ./Drivers/STM32F4xx_HAL_Driver/Src/stm32f4xx_hal.o
                0x0000000020000054                uwTickPrio
 .data.uwTickFreq
                0x0000000020000058        0x1 ./Drivers/STM32F4xx_HAL_Driver/Src/stm32f4xx_hal.o
                0x0000000020000058                uwTickFreq
 *(.RamFunc)
 *(.RamFunc*)
                0x000000002000005c                . = ALIGN (0x4)
 *fill*         0x0000000020000059        0x3 
                0x000000002000005c                _edata = .
                0x000000000800451c                _siccmram = LOADADDR (.ccmram)

.igot.plt       0x000000002000005c        0x0 load address 0x000000000800451c
 .igot.plt      0x000000002000005c        0x0 c:/st/stm32cubeide_1.11.2/stm32cubeide/plugins/com.st.stm32cube.ide.mcu.externaltools.gnu-tools-for-stm32.10.3-2021.10.win32_1.0.100.202210260954/tools/bin/../lib/gcc/arm-none-eabi/10.3.1/thumb/v7e-m+fp/hard/crtbegin.o

.ccmram         0x0000000010000000        0x0 load address 0x000000000800451c
                0x0000000010000000                . = ALIGN (0x4)
                0x0000000010000000                _sccmram = .
 *(.ccmram)
 *(.ccmram*)
                0x0000000010000000                . = ALIGN (0x4)
                0x0000000010000000                _eccmram = .
                0x0000000010000000                . = ALIGN (0x4)

.bss            0x000000002000005c      0x24c
                0x000000002000005c                _sbss = .
                0x000000002000005c                __bss_start__ = _sbss
 *(.bss)
 .bss           0x000000002000005c       0x1c c:/st/stm32cubeide_1.11.2/stm32cubeide/plugins/com.st.stm32cube.ide.mcu.externaltools.gnu-tools-for-stm32.10.3-2021.10.win32_1.0.100.202210260954/tools/bin/../lib/gcc/arm-none-eabi/10.3.1/thumb/v7e-m+fp/hard/crtbegin.o
 *(.bss*)
 .bss.E2V_CLICKS_OR_Clock_Freq
                0x0000000020000078        0x4 ./Core/Src/e2v_Clicks.o
                0x0000000020000078                E2V_CLICKS_OR_Clock_Freq
 .bss.delay     0x000000002000007c        0x4 ./Core/Src/e2v_Clicks.o
                0x000000002000007c                delay
 .bss.number_Of_Lines
                0x0000000020000080        0x4 ./Core/Src/e2v_Clicks.o
                0x0000000020000080                number_Of_Lines
 .bss.number_Of_Rows
                0x0000000020000084        0x4 ./Core/Src/e2v_Clicks.o
                0x0000000020000084                number_Of_Rows
 .bss.OR_Clock_period
                0x0000000020000088        0x4 ./Core/Src/e2v_Clicks.o
                0x0000000020000088                OR_Clock_period
 .bss.mS_To_Wait
                0x000000002000008c        0x4 ./Core/Src/e2v_Clicks.o
                0x000000002000008c                mS_To_Wait
 .bss.CCD_Mode  0x0000000020000090        0x1 ./Core/Src/e2v_Clicks.o
                0x0000000020000090                CCD_Mode
 *fill*         0x0000000020000091        0x3 
 .bss.CCD_Brust_N
                0x0000000020000094        0x4 ./Core/Src/e2v_Clicks.o
                0x0000000020000094                CCD_Brust_N
 .bss.CCD_Brust_Delay
                0x0000000020000098        0x4 ./Core/Src/e2v_Clicks.o
                0x0000000020000098                CCD_Brust_Delay
 .bss.buff_to_send
                0x000000002000009c      0x100 ./Core/Src/e2v_Clicks.o
                0x000000002000009c                buff_to_send
 .bss.adc       0x000000002000019c        0x4 ./Core/Src/e2v_Clicks.o
                0x000000002000019c                adc
 .bss.hadc1     0x00000000200001a0       0x48 ./Core/Src/main.o
                0x00000000200001a0                hadc1
 .bss.hspi1     0x00000000200001e8       0x58 ./Core/Src/main.o
                0x00000000200001e8                hspi1
 .bss.hdma_spi1_tx
                0x0000000020000240       0x60 ./Core/Src/main.o
                0x0000000020000240                hdma_spi1_tx
 .bss.tcp_recieve
                0x00000000200002a0        0x1 ./Core/Src/main.o
                0x00000000200002a0                tcp_recieve
 *fill*         0x00000000200002a1        0x3 
 .bss.uwTick    0x00000000200002a4        0x4 ./Drivers/STM32F4xx_HAL_Driver/Src/stm32f4xx_hal.o
                0x00000000200002a4                uwTick
 *(COMMON)
                0x00000000200002a8                . = ALIGN (0x4)
                0x00000000200002a8                _ebss = .
                0x00000000200002a8                __bss_end__ = _ebss

._user_heap_stack
                0x00000000200002a8      0x600
                0x00000000200002a8                . = ALIGN (0x8)
                [!provide]                        PROVIDE (end = .)
                0x00000000200002a8                PROVIDE (_end = .)
                0x00000000200004a8                . = (. + _Min_Heap_Size)
 *fill*         0x00000000200002a8      0x200 
                0x00000000200008a8                . = (. + _Min_Stack_Size)
 *fill*         0x00000000200004a8      0x400 
                0x00000000200008a8                . = ALIGN (0x8)

/DISCARD/
 libc.a(*)
 libm.a(*)
 libgcc.a(*)

.ARM.attributes
                0x0000000000000000       0x30
 *(.ARM.attributes)
 .ARM.attributes
                0x0000000000000000       0x1e c:/st/stm32cubeide_1.11.2/stm32cubeide/plugins/com.st.stm32cube.ide.mcu.externaltools.gnu-tools-for-stm32.10.3-2021.10.win32_1.0.100.202210260954/tools/bin/../lib/gcc/arm-none-eabi/10.3.1/thumb/v7e-m+fp/hard/crti.o
 .ARM.attributes
                0x000000000000001e       0x34 c:/st/stm32cubeide_1.11.2/stm32cubeide/plugins/com.st.stm32cube.ide.mcu.externaltools.gnu-tools-for-stm32.10.3-2021.10.win32_1.0.100.202210260954/tools/bin/../lib/gcc/arm-none-eabi/10.3.1/thumb/v7e-m+fp/hard/crtbegin.o
 .ARM.attributes
                0x0000000000000052       0x34 ./Core/Src/e2v_Clicks.o
 .ARM.attributes
                0x0000000000000086       0x34 ./Core/Src/main.o
 .ARM.attributes
                0x00000000000000ba       0x34 ./Core/Src/stm32f4xx_hal_msp.o
 .ARM.attributes
                0x00000000000000ee       0x34 ./Core/Src/stm32f4xx_it.o
 .ARM.attributes
                0x0000000000000122       0x34 ./Core/Src/system_stm32f4xx.o
 .ARM.attributes
                0x0000000000000156       0x34 ./Core/Src/w5500.o
 .ARM.attributes
                0x000000000000018a       0x21 ./Core/Startup/startup_stm32f407vgtx.o
 .ARM.attributes
                0x00000000000001ab       0x34 ./Drivers/STM32F4xx_HAL_Driver/Src/stm32f4xx_hal.o
 .ARM.attributes
                0x00000000000001df       0x34 ./Drivers/STM32F4xx_HAL_Driver/Src/stm32f4xx_hal_adc.o
 .ARM.attributes
                0x0000000000000213       0x34 ./Drivers/STM32F4xx_HAL_Driver/Src/stm32f4xx_hal_cortex.o
 .ARM.attributes
                0x0000000000000247       0x34 ./Drivers/STM32F4xx_HAL_Driver/Src/stm32f4xx_hal_dma.o
 .ARM.attributes
                0x000000000000027b       0x34 ./Drivers/STM32F4xx_HAL_Driver/Src/stm32f4xx_hal_gpio.o
 .ARM.attributes
                0x00000000000002af       0x34 ./Drivers/STM32F4xx_HAL_Driver/Src/stm32f4xx_hal_rcc.o
 .ARM.attributes
                0x00000000000002e3       0x34 ./Drivers/STM32F4xx_HAL_Driver/Src/stm32f4xx_hal_spi.o
 .ARM.attributes
                0x0000000000000317       0x34 c:/st/stm32cubeide_1.11.2/stm32cubeide/plugins/com.st.stm32cube.ide.mcu.externaltools.gnu-tools-for-stm32.10.3-2021.10.win32_1.0.100.202210260954/tools/bin/../lib/gcc/arm-none-eabi/10.3.1/../../../../arm-none-eabi/lib/thumb/v7e-m+fp/hard\libc_nano.a(lib_a-init.o)
 .ARM.attributes
                0x000000000000034b       0x34 c:/st/stm32cubeide_1.11.2/stm32cubeide/plugins/com.st.stm32cube.ide.mcu.externaltools.gnu-tools-for-stm32.10.3-2021.10.win32_1.0.100.202210260954/tools/bin/../lib/gcc/arm-none-eabi/10.3.1/../../../../arm-none-eabi/lib/thumb/v7e-m+fp/hard\libc_nano.a(lib_a-memset.o)
 .ARM.attributes
                0x000000000000037f       0x1e c:/st/stm32cubeide_1.11.2/stm32cubeide/plugins/com.st.stm32cube.ide.mcu.externaltools.gnu-tools-for-stm32.10.3-2021.10.win32_1.0.100.202210260954/tools/bin/../lib/gcc/arm-none-eabi/10.3.1/thumb/v7e-m+fp/hard\libgcc.a(_aeabi_uldivmod.o)
 .ARM.attributes
                0x000000000000039d       0x34 c:/st/stm32cubeide_1.11.2/stm32cubeide/plugins/com.st.stm32cube.ide.mcu.externaltools.gnu-tools-for-stm32.10.3-2021.10.win32_1.0.100.202210260954/tools/bin/../lib/gcc/arm-none-eabi/10.3.1/thumb/v7e-m+fp/hard\libgcc.a(_udivmoddi4.o)
 .ARM.attributes
                0x00000000000003d1       0x1e c:/st/stm32cubeide_1.11.2/stm32cubeide/plugins/com.st.stm32cube.ide.mcu.externaltools.gnu-tools-for-stm32.10.3-2021.10.win32_1.0.100.202210260954/tools/bin/../lib/gcc/arm-none-eabi/10.3.1/thumb/v7e-m+fp/hard\libgcc.a(_dvmd_tls.o)
 .ARM.attributes
                0x00000000000003ef       0x1e c:/st/stm32cubeide_1.11.2/stm32cubeide/plugins/com.st.stm32cube.ide.mcu.externaltools.gnu-tools-for-stm32.10.3-2021.10.win32_1.0.100.202210260954/tools/bin/../lib/gcc/arm-none-eabi/10.3.1/thumb/v7e-m+fp/hard/crtn.o
OUTPUT(Discovery3_12.05.2023_CCD42-10.elf elf32-littlearm)
LOAD linker stubs
LOAD c:/st/stm32cubeide_1.11.2/stm32cubeide/plugins/com.st.stm32cube.ide.mcu.externaltools.gnu-tools-for-stm32.10.3-2021.10.win32_1.0.100.202210260954/tools/bin/../lib/gcc/arm-none-eabi/10.3.1/../../../../arm-none-eabi/lib/thumb/v7e-m+fp/hard\libc.a
LOAD c:/st/stm32cubeide_1.11.2/stm32cubeide/plugins/com.st.stm32cube.ide.mcu.externaltools.gnu-tools-for-stm32.10.3-2021.10.win32_1.0.100.202210260954/tools/bin/../lib/gcc/arm-none-eabi/10.3.1/../../../../arm-none-eabi/lib/thumb/v7e-m+fp/hard\libm.a
LOAD c:/st/stm32cubeide_1.11.2/stm32cubeide/plugins/com.st.stm32cube.ide.mcu.externaltools.gnu-tools-for-stm32.10.3-2021.10.win32_1.0.100.202210260954/tools/bin/../lib/gcc/arm-none-eabi/10.3.1/thumb/v7e-m+fp/hard\libgcc.a

.debug_info     0x0000000000000000     0x9841
 .debug_info    0x0000000000000000      0xcea ./Core/Src/e2v_Clicks.o
 .debug_info    0x0000000000000cea     0x146f ./Core/Src/main.o
 .debug_info    0x0000000000002159      0xd3d ./Core/Src/stm32f4xx_hal_msp.o
 .debug_info    0x0000000000002e96      0x181 ./Core/Src/stm32f4xx_it.o
 .debug_info    0x0000000000003017      0x523 ./Core/Src/system_stm32f4xx.o
 .debug_info    0x000000000000353a      0xc67 ./Core/Src/w5500.o
 .debug_info    0x00000000000041a1       0x22 ./Core/Startup/startup_stm32f407vgtx.o
 .debug_info    0x00000000000041c3      0x97c ./Drivers/STM32F4xx_HAL_Driver/Src/stm32f4xx_hal.o
 .debug_info    0x0000000000004b3f      0xd70 ./Drivers/STM32F4xx_HAL_Driver/Src/stm32f4xx_hal_adc.o
 .debug_info    0x00000000000058af      0xe1b ./Drivers/STM32F4xx_HAL_Driver/Src/stm32f4xx_hal_cortex.o
 .debug_info    0x00000000000066ca      0x94f ./Drivers/STM32F4xx_HAL_Driver/Src/stm32f4xx_hal_dma.o
 .debug_info    0x0000000000007019      0x76a ./Drivers/STM32F4xx_HAL_Driver/Src/stm32f4xx_hal_gpio.o
 .debug_info    0x0000000000007783      0x966 ./Drivers/STM32F4xx_HAL_Driver/Src/stm32f4xx_hal_rcc.o
 .debug_info    0x00000000000080e9     0x1758 ./Drivers/STM32F4xx_HAL_Driver/Src/stm32f4xx_hal_spi.o

.debug_abbrev   0x0000000000000000     0x1c6e
 .debug_abbrev  0x0000000000000000      0x24f ./Core/Src/e2v_Clicks.o
 .debug_abbrev  0x000000000000024f      0x345 ./Core/Src/main.o
 .debug_abbrev  0x0000000000000594      0x1e6 ./Core/Src/stm32f4xx_hal_msp.o
 .debug_abbrev  0x000000000000077a       0xb2 ./Core/Src/stm32f4xx_it.o
 .debug_abbrev  0x000000000000082c      0x116 ./Core/Src/system_stm32f4xx.o
 .debug_abbrev  0x0000000000000942      0x27c ./Core/Src/w5500.o
 .debug_abbrev  0x0000000000000bbe       0x12 ./Core/Startup/startup_stm32f407vgtx.o
 .debug_abbrev  0x0000000000000bd0      0x20d ./Drivers/STM32F4xx_HAL_Driver/Src/stm32f4xx_hal.o
 .debug_abbrev  0x0000000000000ddd      0x244 ./Drivers/STM32F4xx_HAL_Driver/Src/stm32f4xx_hal_adc.o
 .debug_abbrev  0x0000000000001021      0x316 ./Drivers/STM32F4xx_HAL_Driver/Src/stm32f4xx_hal_cortex.o
 .debug_abbrev  0x0000000000001337      0x25b ./Drivers/STM32F4xx_HAL_Driver/Src/stm32f4xx_hal_dma.o
 .debug_abbrev  0x0000000000001592      0x1c4 ./Drivers/STM32F4xx_HAL_Driver/Src/stm32f4xx_hal_gpio.o
 .debug_abbrev  0x0000000000001756      0x2aa ./Drivers/STM32F4xx_HAL_Driver/Src/stm32f4xx_hal_rcc.o
 .debug_abbrev  0x0000000000001a00      0x26e ./Drivers/STM32F4xx_HAL_Driver/Src/stm32f4xx_hal_spi.o

.debug_aranges  0x0000000000000000      0x820
 .debug_aranges
                0x0000000000000000       0x40 ./Core/Src/e2v_Clicks.o
 .debug_aranges
                0x0000000000000040       0x50 ./Core/Src/main.o
 .debug_aranges
                0x0000000000000090       0x40 ./Core/Src/stm32f4xx_hal_msp.o
 .debug_aranges
                0x00000000000000d0       0x68 ./Core/Src/stm32f4xx_it.o
 .debug_aranges
                0x0000000000000138       0x28 ./Core/Src/system_stm32f4xx.o
 .debug_aranges
                0x0000000000000160       0x68 ./Core/Src/w5500.o
 .debug_aranges
                0x00000000000001c8       0x28 ./Core/Startup/startup_stm32f407vgtx.o
 .debug_aranges
                0x00000000000001f0       0xf0 ./Drivers/STM32F4xx_HAL_Driver/Src/stm32f4xx_hal.o
 .debug_aranges
                0x00000000000002e0       0xe8 ./Drivers/STM32F4xx_HAL_Driver/Src/stm32f4xx_hal_adc.o
 .debug_aranges
                0x00000000000003c8      0x118 ./Drivers/STM32F4xx_HAL_Driver/Src/stm32f4xx_hal_cortex.o
 .debug_aranges
                0x00000000000004e0       0x90 ./Drivers/STM32F4xx_HAL_Driver/Src/stm32f4xx_hal_dma.o
 .debug_aranges
                0x0000000000000570       0x58 ./Drivers/STM32F4xx_HAL_Driver/Src/stm32f4xx_hal_gpio.o
 .debug_aranges
                0x00000000000005c8       0x88 ./Drivers/STM32F4xx_HAL_Driver/Src/stm32f4xx_hal_rcc.o
 .debug_aranges
                0x0000000000000650      0x1d0 ./Drivers/STM32F4xx_HAL_Driver/Src/stm32f4xx_hal_spi.o

.debug_ranges   0x0000000000000000      0x748
 .debug_ranges  0x0000000000000000       0x30 ./Core/Src/e2v_Clicks.o
 .debug_ranges  0x0000000000000030       0x40 ./Core/Src/main.o
 .debug_ranges  0x0000000000000070       0x30 ./Core/Src/stm32f4xx_hal_msp.o
 .debug_ranges  0x00000000000000a0       0x58 ./Core/Src/stm32f4xx_it.o
 .debug_ranges  0x00000000000000f8       0x18 ./Core/Src/system_stm32f4xx.o
 .debug_ranges  0x0000000000000110       0x58 ./Core/Src/w5500.o
 .debug_ranges  0x0000000000000168       0x20 ./Core/Startup/startup_stm32f407vgtx.o
 .debug_ranges  0x0000000000000188       0xe0 ./Drivers/STM32F4xx_HAL_Driver/Src/stm32f4xx_hal.o
 .debug_ranges  0x0000000000000268       0xd8 ./Drivers/STM32F4xx_HAL_Driver/Src/stm32f4xx_hal_adc.o
 .debug_ranges  0x0000000000000340      0x108 ./Drivers/STM32F4xx_HAL_Driver/Src/stm32f4xx_hal_cortex.o
 .debug_ranges  0x0000000000000448       0x80 ./Drivers/STM32F4xx_HAL_Driver/Src/stm32f4xx_hal_dma.o
 .debug_ranges  0x00000000000004c8       0x48 ./Drivers/STM32F4xx_HAL_Driver/Src/stm32f4xx_hal_gpio.o
 .debug_ranges  0x0000000000000510       0x78 ./Drivers/STM32F4xx_HAL_Driver/Src/stm32f4xx_hal_rcc.o
 .debug_ranges  0x0000000000000588      0x1c0 ./Drivers/STM32F4xx_HAL_Driver/Src/stm32f4xx_hal_spi.o

.debug_macro    0x0000000000000000    0x21362
 .debug_macro   0x0000000000000000      0x20d ./Core/Src/e2v_Clicks.o
 .debug_macro   0x000000000000020d      0xa78 ./Core/Src/e2v_Clicks.o
 .debug_macro   0x0000000000000c85      0x29b ./Core/Src/e2v_Clicks.o
 .debug_macro   0x0000000000000f20       0x2e ./Core/Src/e2v_Clicks.o
 .debug_macro   0x0000000000000f4e       0x2f ./Core/Src/e2v_Clicks.o
 .debug_macro   0x0000000000000f7d       0x22 ./Core/Src/e2v_Clicks.o
 .debug_macro   0x0000000000000f9f       0x8e ./Core/Src/e2v_Clicks.o
 .debug_macro   0x000000000000102d       0x51 ./Core/Src/e2v_Clicks.o
 .debug_macro   0x000000000000107e      0x103 ./Core/Src/e2v_Clicks.o
 .debug_macro   0x0000000000001181       0x6a ./Core/Src/e2v_Clicks.o
 .debug_macro   0x00000000000011eb      0x1df ./Core/Src/e2v_Clicks.o
 .debug_macro   0x00000000000013ca       0x1c ./Core/Src/e2v_Clicks.o
 .debug_macro   0x00000000000013e6       0x22 ./Core/Src/e2v_Clicks.o
 .debug_macro   0x0000000000001408       0xd9 ./Core/Src/e2v_Clicks.o
 .debug_macro   0x00000000000014e1     0x102d ./Core/Src/e2v_Clicks.o
 .debug_macro   0x000000000000250e      0x11f ./Core/Src/e2v_Clicks.o
 .debug_macro   0x000000000000262d    0x15e82 ./Core/Src/e2v_Clicks.o
 .debug_macro   0x00000000000184af       0x6d ./Core/Src/e2v_Clicks.o
 .debug_macro   0x000000000001851c     0x367e ./Core/Src/e2v_Clicks.o
 .debug_macro   0x000000000001bb9a      0x174 ./Core/Src/e2v_Clicks.o
 .debug_macro   0x000000000001bd0e       0x5c ./Core/Src/e2v_Clicks.o
 .debug_macro   0x000000000001bd6a      0x96b ./Core/Src/e2v_Clicks.o
 .debug_macro   0x000000000001c6d5      0x9fe ./Core/Src/e2v_Clicks.o
 .debug_macro   0x000000000001d0d3      0x115 ./Core/Src/e2v_Clicks.o
 .debug_macro   0x000000000001d1e8      0x13e ./Core/Src/e2v_Clicks.o
 .debug_macro   0x000000000001d326       0xa5 ./Core/Src/e2v_Clicks.o
 .debug_macro   0x000000000001d3cb      0x174 ./Core/Src/e2v_Clicks.o
 .debug_macro   0x000000000001d53f      0x287 ./Core/Src/e2v_Clicks.o
 .debug_macro   0x000000000001d7c6       0x5f ./Core/Src/e2v_Clicks.o
 .debug_macro   0x000000000001d825      0x236 ./Core/Src/e2v_Clicks.o
 .debug_macro   0x000000000001da5b      0xb5b ./Core/Src/e2v_Clicks.o
 .debug_macro   0x000000000001e5b6      0x38b ./Core/Src/e2v_Clicks.o
 .debug_macro   0x000000000001e941      0x176 ./Core/Src/e2v_Clicks.o
 .debug_macro   0x000000000001eab7       0xf9 ./Core/Src/e2v_Clicks.o
 .debug_macro   0x000000000001ebb0      0x12c ./Core/Src/e2v_Clicks.o
 .debug_macro   0x000000000001ecdc      0x21e ./Core/Src/e2v_Clicks.o
 .debug_macro   0x000000000001eefa       0x2e ./Core/Src/e2v_Clicks.o
 .debug_macro   0x000000000001ef28      0x11a ./Core/Src/e2v_Clicks.o
 .debug_macro   0x000000000001f042       0x7e ./Core/Src/e2v_Clicks.o
 .debug_macro   0x000000000001f0c0       0x89 ./Core/Src/e2v_Clicks.o
 .debug_macro   0x000000000001f149      0x225 ./Core/Src/e2v_Clicks.o
 .debug_macro   0x000000000001f36e      0x12d ./Core/Src/e2v_Clicks.o
 .debug_macro   0x000000000001f49b       0x34 ./Core/Src/e2v_Clicks.o
 .debug_macro   0x000000000001f4cf      0x31e ./Core/Src/e2v_Clicks.o
 .debug_macro   0x000000000001f7ed       0x58 ./Core/Src/e2v_Clicks.o
 .debug_macro   0x000000000001f845      0x245 ./Core/Src/main.o
 .debug_macro   0x000000000001fa8a      0x1f1 ./Core/Src/stm32f4xx_hal_msp.o
 .debug_macro   0x000000000001fc7b      0x21f ./Core/Src/stm32f4xx_it.o
 .debug_macro   0x000000000001fe9a      0x1e2 ./Core/Src/system_stm32f4xx.o
 .debug_macro   0x000000000002007c      0x200 ./Core/Src/w5500.o
 .debug_macro   0x000000000002027c      0x318 ./Core/Src/w5500.o
 .debug_macro   0x0000000000020594      0x242 ./Drivers/STM32F4xx_HAL_Driver/Src/stm32f4xx_hal.o
 .debug_macro   0x00000000000207d6      0x1e3 ./Drivers/STM32F4xx_HAL_Driver/Src/stm32f4xx_hal_adc.o
 .debug_macro   0x00000000000209b9      0x1e2 ./Drivers/STM32F4xx_HAL_Driver/Src/stm32f4xx_hal_cortex.o
 .debug_macro   0x0000000000020b9b      0x1e8 ./Drivers/STM32F4xx_HAL_Driver/Src/stm32f4xx_hal_dma.o
 .debug_macro   0x0000000000020d83      0x1e8 ./Drivers/STM32F4xx_HAL_Driver/Src/stm32f4xx_hal_gpio.o
 .debug_macro   0x0000000000020f6b      0x206 ./Drivers/STM32F4xx_HAL_Driver/Src/stm32f4xx_hal_rcc.o
 .debug_macro   0x0000000000021171      0x1f1 ./Drivers/STM32F4xx_HAL_Driver/Src/stm32f4xx_hal_spi.o

.debug_line     0x0000000000000000     0xa57a
 .debug_line    0x0000000000000000      0xf2c ./Core/Src/e2v_Clicks.o
 .debug_line    0x0000000000000f2c      0x8e4 ./Core/Src/main.o
 .debug_line    0x0000000000001810      0x795 ./Core/Src/stm32f4xx_hal_msp.o
 .debug_line    0x0000000000001fa5      0x7d1 ./Core/Src/stm32f4xx_it.o
 .debug_line    0x0000000000002776      0x75a ./Core/Src/system_stm32f4xx.o
 .debug_line    0x0000000000002ed0      0x9df ./Core/Src/w5500.o
 .debug_line    0x00000000000038af       0x88 ./Core/Startup/startup_stm32f407vgtx.o
 .debug_line    0x0000000000003937      0x9c0 ./Drivers/STM32F4xx_HAL_Driver/Src/stm32f4xx_hal.o
 .debug_line    0x00000000000042f7     0x1236 ./Drivers/STM32F4xx_HAL_Driver/Src/stm32f4xx_hal_adc.o
 .debug_line    0x000000000000552d      0xc6f ./Drivers/STM32F4xx_HAL_Driver/Src/stm32f4xx_hal_cortex.o
 .debug_line    0x000000000000619c      0xf24 ./Drivers/STM32F4xx_HAL_Driver/Src/stm32f4xx_hal_dma.o
 .debug_line    0x00000000000070c0      0xb34 ./Drivers/STM32F4xx_HAL_Driver/Src/stm32f4xx_hal_gpio.o
 .debug_line    0x0000000000007bf4      0xd3c ./Drivers/STM32F4xx_HAL_Driver/Src/stm32f4xx_hal_rcc.o
 .debug_line    0x0000000000008930     0x1c4a ./Drivers/STM32F4xx_HAL_Driver/Src/stm32f4xx_hal_spi.o

.debug_str      0x0000000000000000    0xcb839
 .debug_str     0x0000000000000000    0xc9219 ./Core/Src/e2v_Clicks.o
                                      0xc9514 (size before relaxing)
 .debug_str     0x00000000000c9219      0xb06 ./Core/Src/main.o
                                      0xc9ddd (size before relaxing)
 .debug_str     0x00000000000c9d1f      0x103 ./Core/Src/stm32f4xx_hal_msp.o
                                      0xc8bf8 (size before relaxing)
 .debug_str     0x00000000000c9e22       0xf3 ./Core/Src/stm32f4xx_it.o
                                      0xc8e00 (size before relaxing)
 .debug_str     0x00000000000c9f15       0xdb ./Core/Src/system_stm32f4xx.o
                                      0xc84a6 (size before relaxing)
 .debug_str     0x00000000000c9ff0       0xe9 ./Core/Src/w5500.o
                                      0xc92c5 (size before relaxing)
 .debug_str     0x00000000000ca0d9       0x36 ./Core/Startup/startup_stm32f407vgtx.o
                                         0x76 (size before relaxing)
 .debug_str     0x00000000000ca10f      0x5e6 ./Drivers/STM32F4xx_HAL_Driver/Src/stm32f4xx_hal.o
                                      0xc902a (size before relaxing)
 .debug_str     0x00000000000ca6f5      0x2c8 ./Drivers/STM32F4xx_HAL_Driver/Src/stm32f4xx_hal_adc.o
                                      0xc8a93 (size before relaxing)
 .debug_str     0x00000000000ca9bd      0x33a ./Drivers/STM32F4xx_HAL_Driver/Src/stm32f4xx_hal_cortex.o
                                      0xc8d5d (size before relaxing)
 .debug_str     0x00000000000cacf7      0x2da ./Drivers/STM32F4xx_HAL_Driver/Src/stm32f4xx_hal_dma.o
                                      0xc88c0 (size before relaxing)
 .debug_str     0x00000000000cafd1       0xf7 ./Drivers/STM32F4xx_HAL_Driver/Src/stm32f4xx_hal_gpio.o
                                      0xc8621 (size before relaxing)
 .debug_str     0x00000000000cb0c8      0x233 ./Drivers/STM32F4xx_HAL_Driver/Src/stm32f4xx_hal_rcc.o
                                      0xc88da (size before relaxing)
 .debug_str     0x00000000000cb2fb      0x53e ./Drivers/STM32F4xx_HAL_Driver/Src/stm32f4xx_hal_spi.o
                                      0xc8d6a (size before relaxing)

.comment        0x0000000000000000       0x50
 .comment       0x0000000000000000       0x50 ./Core/Src/e2v_Clicks.o
                                         0x51 (size before relaxing)
 .comment       0x0000000000000050       0x51 ./Core/Src/main.o
 .comment       0x0000000000000050       0x51 ./Core/Src/stm32f4xx_hal_msp.o
 .comment       0x0000000000000050       0x51 ./Core/Src/stm32f4xx_it.o
 .comment       0x0000000000000050       0x51 ./Core/Src/system_stm32f4xx.o
 .comment       0x0000000000000050       0x51 ./Core/Src/w5500.o
 .comment       0x0000000000000050       0x51 ./Drivers/STM32F4xx_HAL_Driver/Src/stm32f4xx_hal.o
 .comment       0x0000000000000050       0x51 ./Drivers/STM32F4xx_HAL_Driver/Src/stm32f4xx_hal_adc.o
 .comment       0x0000000000000050       0x51 ./Drivers/STM32F4xx_HAL_Driver/Src/stm32f4xx_hal_cortex.o
 .comment       0x0000000000000050       0x51 ./Drivers/STM32F4xx_HAL_Driver/Src/stm32f4xx_hal_dma.o
 .comment       0x0000000000000050       0x51 ./Drivers/STM32F4xx_HAL_Driver/Src/stm32f4xx_hal_gpio.o
 .comment       0x0000000000000050       0x51 ./Drivers/STM32F4xx_HAL_Driver/Src/stm32f4xx_hal_rcc.o
 .comment       0x0000000000000050       0x51 ./Drivers/STM32F4xx_HAL_Driver/Src/stm32f4xx_hal_spi.o

.debug_frame    0x0000000000000000     0x1fd4
 .debug_frame   0x0000000000000000       0xb8 ./Core/Src/e2v_Clicks.o
 .debug_frame   0x00000000000000b8       0xf8 ./Core/Src/main.o
 .debug_frame   0x00000000000001b0       0xc4 ./Core/Src/stm32f4xx_hal_msp.o
 .debug_frame   0x0000000000000274      0x120 ./Core/Src/stm32f4xx_it.o
 .debug_frame   0x0000000000000394       0x58 ./Core/Src/system_stm32f4xx.o
 .debug_frame   0x00000000000003ec      0x180 ./Core/Src/w5500.o
 .debug_frame   0x000000000000056c      0x374 ./Drivers/STM32F4xx_HAL_Driver/Src/stm32f4xx_hal.o
 .debug_frame   0x00000000000008e0      0x3fc ./Drivers/STM32F4xx_HAL_Driver/Src/stm32f4xx_hal_adc.o
 .debug_frame   0x0000000000000cdc      0x498 ./Drivers/STM32F4xx_HAL_Driver/Src/stm32f4xx_hal_cortex.o
 .debug_frame   0x0000000000001174      0x250 ./Drivers/STM32F4xx_HAL_Driver/Src/stm32f4xx_hal_dma.o
 .debug_frame   0x00000000000013c4      0x14c ./Drivers/STM32F4xx_HAL_Driver/Src/stm32f4xx_hal_gpio.o
 .debug_frame   0x0000000000001510      0x1f4 ./Drivers/STM32F4xx_HAL_Driver/Src/stm32f4xx_hal_rcc.o
 .debug_frame   0x0000000000001704      0x824 ./Drivers/STM32F4xx_HAL_Driver/Src/stm32f4xx_hal_spi.o
 .debug_frame   0x0000000000001f28       0x2c c:/st/stm32cubeide_1.11.2/stm32cubeide/plugins/com.st.stm32cube.ide.mcu.externaltools.gnu-tools-for-stm32.10.3-2021.10.win32_1.0.100.202210260954/tools/bin/../lib/gcc/arm-none-eabi/10.3.1/../../../../arm-none-eabi/lib/thumb/v7e-m+fp/hard\libc_nano.a(lib_a-init.o)
 .debug_frame   0x0000000000001f54       0x20 c:/st/stm32cubeide_1.11.2/stm32cubeide/plugins/com.st.stm32cube.ide.mcu.externaltools.gnu-tools-for-stm32.10.3-2021.10.win32_1.0.100.202210260954/tools/bin/../lib/gcc/arm-none-eabi/10.3.1/../../../../arm-none-eabi/lib/thumb/v7e-m+fp/hard\libc_nano.a(lib_a-memset.o)
 .debug_frame   0x0000000000001f74       0x2c c:/st/stm32cubeide_1.11.2/stm32cubeide/plugins/com.st.stm32cube.ide.mcu.externaltools.gnu-tools-for-stm32.10.3-2021.10.win32_1.0.100.202210260954/tools/bin/../lib/gcc/arm-none-eabi/10.3.1/thumb/v7e-m+fp/hard\libgcc.a(_aeabi_uldivmod.o)
 .debug_frame   0x0000000000001fa0       0x34 c:/st/stm32cubeide_1.11.2/stm32cubeide/plugins/com.st.stm32cube.ide.mcu.externaltools.gnu-tools-for-stm32.10.3-2021.10.win32_1.0.100.202210260954/tools/bin/../lib/gcc/arm-none-eabi/10.3.1/thumb/v7e-m+fp/hard\libgcc.a(_udivmoddi4.o)
